[01/17/2025 19:02:34] {pretrain_model.py:314} INFO - Initializing Data..
[01/17/2025 19:02:34] {pretrain_model.py:319} INFO - Initializing Model..
[01/17/2025 19:02:34] {pretrain_model.py:353} INFO - Number of model parameters: 1322788
[01/17/2025 19:02:34] {pretrain_model.py:359} INFO - MEGA CONFIG:  {
  "embedding_size": 256,
  "activation": "prelu",
  "weight_init": true,
  "num_node_features": 2,
  "max_bp_iter": 3,
  "inner_conv_normalize": false
}
[01/17/2025 19:02:34] {pretrain_model.py:365} INFO - Number of model parameters in big_model: 262657
[01/17/2025 19:02:34] {pretrain_model.py:370} INFO - Number of model parameters for link prediction: 132097
[01/17/2025 19:02:34] {pretrain_model.py:374} INFO - Number of model parameters for discriminator: 65536
[01/17/2025 19:02:34] {pretrain_model.py:378} INFO - Number of model parameters for minsg: 262912
[01/17/2025 19:02:34] {pretrain_model.py:381} INFO - Num params in decor: 0
[01/17/2025 19:02:34] {pretrain_model.py:386} INFO - Number of model parameters for reconstruction: 66050
[01/17/2025 19:02:34] {pretrain_model.py:397} INFO - Start training
[01/17/2025 19:02:34] {pretrain_model.py:75} INFO - Not using Pareto MTL.
[01/17/2025 19:02:36] {pretrain_model.py:214} INFO - New best loss: 1.391188144683838 at step 1
[01/17/2025 19:02:36] {pretrain_model.py:257} INFO - 1 / 10001 |train loss: 0.001 |p_ming loss: 0.001 |lr: 0.00005
[01/17/2025 19:02:36] {pretrain_model.py:214} INFO - New best loss: 1.390019416809082 at step 2
[01/17/2025 19:02:36] {pretrain_model.py:257} INFO - 2 / 10001 |train loss: 0.001 |p_ming loss: 0.001 |lr: 0.00005
[01/17/2025 19:02:36] {pretrain_model.py:214} INFO - New best loss: 1.386767029762268 at step 4
[01/17/2025 19:02:36] {pretrain_model.py:257} INFO - 4 / 10001 |train loss: 0.003 |p_ming loss: 0.003 |lr: 0.00005
[01/17/2025 19:02:37] {pretrain_model.py:214} INFO - New best loss: 1.386661171913147 at step 8
[01/17/2025 19:02:37] {pretrain_model.py:257} INFO - 8 / 10001 |train loss: 0.006 |p_ming loss: 0.006 |lr: 0.00005
[01/17/2025 19:02:37] {pretrain_model.py:214} INFO - New best loss: 1.3864655494689941 at step 9
[01/17/2025 19:02:37] {pretrain_model.py:257} INFO - 9 / 10001 |train loss: 0.001 |p_ming loss: 0.001 |lr: 0.00005
[01/17/2025 19:02:37] {pretrain_model.py:214} INFO - New best loss: 1.3864175081253052 at step 13
[01/17/2025 19:02:37] {pretrain_model.py:257} INFO - 13 / 10001 |train loss: 0.006 |p_ming loss: 0.006 |lr: 0.00005
[01/17/2025 19:02:38] {pretrain_model.py:214} INFO - New best loss: 1.3863584995269775 at step 18
[01/17/2025 19:02:38] {pretrain_model.py:257} INFO - 18 / 10001 |train loss: 0.007 |p_ming loss: 0.007 |lr: 0.00005
[01/17/2025 19:02:38] {pretrain_model.py:214} INFO - New best loss: 1.3863452672958374 at step 23
[01/17/2025 19:02:38] {pretrain_model.py:257} INFO - 23 / 10001 |train loss: 0.007 |p_ming loss: 0.007 |lr: 0.00005
[01/17/2025 19:02:38] {pretrain_model.py:214} INFO - New best loss: 1.3863284587860107 at step 24
[01/17/2025 19:02:38] {pretrain_model.py:257} INFO - 24 / 10001 |train loss: 0.001 |p_ming loss: 0.001 |lr: 0.00005
[01/17/2025 19:02:38] {pretrain_model.py:214} INFO - New best loss: 1.3863184452056885 at step 29
[01/17/2025 19:02:38] {pretrain_model.py:257} INFO - 29 / 10001 |train loss: 0.007 |p_ming loss: 0.007 |lr: 0.00005
[01/17/2025 19:02:39] {pretrain_model.py:214} INFO - New best loss: 1.3863108158111572 at step 33
[01/17/2025 19:02:39] {pretrain_model.py:257} INFO - 33 / 10001 |train loss: 0.006 |p_ming loss: 0.006 |lr: 0.00005
[01/17/2025 19:02:39] {pretrain_model.py:214} INFO - New best loss: 1.3863019943237305 at step 38
[01/17/2025 19:02:39] {pretrain_model.py:257} INFO - 38 / 10001 |train loss: 0.007 |p_ming loss: 0.007 |lr: 0.00005
[01/17/2025 19:02:40] {pretrain_model.py:214} INFO - New best loss: 1.386297345161438 at step 43
[01/17/2025 19:02:40] {pretrain_model.py:257} INFO - 43 / 10001 |train loss: 0.007 |p_ming loss: 0.007 |lr: 0.00005
[01/17/2025 19:02:40] {pretrain_model.py:214} INFO - New best loss: 1.3862969875335693 at step 52
[01/17/2025 19:02:40] {pretrain_model.py:257} INFO - 52 / 10001 |train loss: 0.012 |p_ming loss: 0.012 |lr: 0.00005
[01/17/2025 19:02:41] {pretrain_model.py:214} INFO - New best loss: 1.3862966299057007 at step 57
[01/17/2025 19:02:41] {pretrain_model.py:257} INFO - 57 / 10001 |train loss: 0.007 |p_ming loss: 0.007 |lr: 0.00005
[01/17/2025 19:02:41] {pretrain_model.py:214} INFO - New best loss: 1.3862957954406738 at step 61
[01/17/2025 19:02:41] {pretrain_model.py:257} INFO - 61 / 10001 |train loss: 0.006 |p_ming loss: 0.006 |lr: 0.00005
[01/17/2025 19:02:42] {pretrain_model.py:214} INFO - New best loss: 1.3862955570220947 at step 74
[01/17/2025 19:02:42] {pretrain_model.py:257} INFO - 74 / 10001 |train loss: 0.018 |p_ming loss: 0.018 |lr: 0.00005
[01/17/2025 19:02:43] {pretrain_model.py:214} INFO - New best loss: 1.3862953186035156 at step 89
[01/17/2025 19:02:43] {pretrain_model.py:257} INFO - 89 / 10001 |train loss: 0.021 |p_ming loss: 0.021 |lr: 0.00005
[01/17/2025 19:02:43] {pretrain_model.py:214} INFO - New best loss: 1.3862950801849365 at step 93
[01/17/2025 19:02:43] {pretrain_model.py:257} INFO - 93 / 10001 |train loss: 0.006 |p_ming loss: 0.006 |lr: 0.00005
[01/17/2025 19:02:44] {pretrain_model.py:207} INFO - Train loss at step 100: 1.3862953186035156
[01/17/2025 19:02:45] {pretrain_model.py:214} INFO - New best loss: 1.386294960975647 at step 115
[01/17/2025 19:02:45] {pretrain_model.py:257} INFO - 115 / 10001 |train loss: 0.030 |p_ming loss: 0.030 |lr: 0.00005
[01/17/2025 19:02:46] {pretrain_model.py:214} INFO - New best loss: 1.3862948417663574 at step 128
[01/17/2025 19:02:46] {pretrain_model.py:257} INFO - 128 / 10001 |train loss: 0.018 |p_ming loss: 0.018 |lr: 0.00005
[01/17/2025 19:02:50] {pretrain_model.py:214} INFO - New best loss: 1.3862947225570679 at step 172
[01/17/2025 19:02:50] {pretrain_model.py:257} INFO - 172 / 10001 |train loss: 0.061 |p_ming loss: 0.061 |lr: 0.00005
[01/17/2025 19:02:51] {pretrain_model.py:214} INFO - New best loss: 1.3862946033477783 at step 185
[01/17/2025 19:02:51] {pretrain_model.py:257} INFO - 185 / 10001 |train loss: 0.018 |p_ming loss: 0.018 |lr: 0.00005
[01/17/2025 19:02:52] {pretrain_model.py:207} INFO - Train loss at step 200: 1.3862947225570679
[01/17/2025 19:02:57] {pretrain_model.py:214} INFO - New best loss: 1.3862944841384888 at step 269
[01/17/2025 19:02:57] {pretrain_model.py:257} INFO - 269 / 10001 |train loss: 0.116 |p_ming loss: 0.116 |lr: 0.00005
[01/17/2025 19:03:00] {pretrain_model.py:207} INFO - Train loss at step 300: 1.3862946033477783
[01/17/2025 19:03:06] {pretrain_model.py:214} INFO - New best loss: 1.3862943649291992 at step 383
[01/17/2025 19:03:06] {pretrain_model.py:257} INFO - 383 / 10001 |train loss: 0.158 |p_ming loss: 0.158 |lr: 0.00005
[01/17/2025 19:03:08] {pretrain_model.py:207} INFO - Train loss at step 400: 1.3862946033477783
[01/17/2025 19:03:16] {pretrain_model.py:207} INFO - Train loss at step 500: 1.3862944841384888
[01/17/2025 19:03:24] {pretrain_model.py:207} INFO - Train loss at step 600: 1.3862943649291992
[01/17/2025 19:03:32] {pretrain_model.py:207} INFO - Train loss at step 700: 1.3862943649291992
[01/17/2025 19:03:33] {pretrain_model.py:214} INFO - New best loss: 1.3862942457199097 at step 715
[01/17/2025 19:03:33] {pretrain_model.py:257} INFO - 715 / 10001 |train loss: 0.460 |p_ming loss: 0.460 |lr: 0.00005
[01/17/2025 19:03:40] {pretrain_model.py:207} INFO - Train loss at step 800: 1.3862943649291992
[01/17/2025 19:03:48] {pretrain_model.py:207} INFO - Train loss at step 900: 1.3862943649291992
[01/17/2025 19:03:56] {pretrain_model.py:207} INFO - Train loss at step 1000: 1.3862943649291992
[01/17/2025 19:04:03] {pretrain_model.py:207} INFO - Train loss at step 1100: 1.3862943649291992
[01/17/2025 19:04:11] {pretrain_model.py:207} INFO - Train loss at step 1200: 1.3862943649291992
[01/17/2025 19:04:19] {pretrain_model.py:207} INFO - Train loss at step 1300: 1.3862943649291992
[01/17/2025 19:04:27] {pretrain_model.py:207} INFO - Train loss at step 1400: 1.3862943649291992
[01/17/2025 19:04:35] {pretrain_model.py:207} INFO - Train loss at step 1500: 1.3862946033477783
[01/17/2025 19:04:43] {pretrain_model.py:207} INFO - Train loss at step 1600: 1.3862998485565186
[01/17/2025 19:04:51] {pretrain_model.py:207} INFO - Train loss at step 1700: 1.3862955570220947
[01/17/2025 19:04:59] {pretrain_model.py:207} INFO - Train loss at step 1800: 1.3862943649291992
[01/17/2025 19:05:07] {pretrain_model.py:207} INFO - Train loss at step 1900: 1.386315107345581
[01/17/2025 19:05:15] {pretrain_model.py:207} INFO - Train loss at step 2000: 1.3862948417663574
[01/17/2025 19:05:23] {pretrain_model.py:207} INFO - Train loss at step 2100: 1.3862944841384888
[01/17/2025 19:05:31] {pretrain_model.py:207} INFO - Train loss at step 2200: 1.3863000869750977
[01/17/2025 19:05:39] {pretrain_model.py:207} INFO - Train loss at step 2300: 1.3862943649291992
[01/17/2025 19:05:47] {pretrain_model.py:207} INFO - Train loss at step 2400: 1.3862974643707275
[01/17/2025 19:05:55] {pretrain_model.py:207} INFO - Train loss at step 2500: 1.3862946033477783
[01/17/2025 19:06:02] {pretrain_model.py:207} INFO - Train loss at step 2600: 1.3862974643707275
[01/17/2025 19:06:10] {pretrain_model.py:207} INFO - Train loss at step 2700: 1.3862944841384888
[01/17/2025 19:06:18] {pretrain_model.py:207} INFO - Train loss at step 2800: 1.3862979412078857
[01/17/2025 19:06:26] {pretrain_model.py:207} INFO - Train loss at step 2900: 1.386301875114441
[01/17/2025 19:06:34] {pretrain_model.py:207} INFO - Train loss at step 3000: 1.3862967491149902
[01/17/2025 19:06:42] {pretrain_model.py:207} INFO - Train loss at step 3100: 1.386296272277832
[01/17/2025 19:06:50] {pretrain_model.py:207} INFO - Train loss at step 3200: 1.3862943649291992
[01/17/2025 19:06:58] {pretrain_model.py:207} INFO - Train loss at step 3300: 1.386295199394226
[01/17/2025 19:07:06] {pretrain_model.py:207} INFO - Train loss at step 3400: 1.3862957954406738
[01/17/2025 19:07:14] {pretrain_model.py:207} INFO - Train loss at step 3500: 1.3862943649291992
[01/17/2025 19:07:22] {pretrain_model.py:207} INFO - Train loss at step 3600: 1.3862953186035156
[01/17/2025 19:07:30] {pretrain_model.py:207} INFO - Train loss at step 3700: 1.386296033859253
[01/17/2025 19:07:38] {pretrain_model.py:207} INFO - Train loss at step 3800: 1.3862955570220947
[01/17/2025 19:07:45] {pretrain_model.py:207} INFO - Train loss at step 3900: 1.3862944841384888
[01/17/2025 19:07:53] {pretrain_model.py:207} INFO - Train loss at step 4000: 1.386298418045044
[01/17/2025 19:08:01] {pretrain_model.py:207} INFO - Train loss at step 4100: 1.3862968683242798
[01/17/2025 19:08:09] {pretrain_model.py:207} INFO - Train loss at step 4200: 1.3862943649291992
[01/17/2025 19:08:17] {pretrain_model.py:207} INFO - Train loss at step 4300: 1.3862979412078857
[01/17/2025 19:08:25] {pretrain_model.py:207} INFO - Train loss at step 4400: 1.3862961530685425
[01/17/2025 19:08:33] {pretrain_model.py:207} INFO - Train loss at step 4500: 1.3863110542297363
[01/17/2025 19:08:41] {pretrain_model.py:207} INFO - Train loss at step 4600: 1.386296033859253
[01/17/2025 19:08:49] {pretrain_model.py:207} INFO - Train loss at step 4700: 1.3863015174865723
[01/17/2025 19:08:57] {pretrain_model.py:207} INFO - Train loss at step 4800: 1.386294960975647
[01/17/2025 19:09:05] {pretrain_model.py:207} INFO - Train loss at step 4900: 1.3862954378128052
[01/17/2025 19:09:13] {pretrain_model.py:207} INFO - Train loss at step 5000: 1.386297583580017
[01/17/2025 19:09:13] {pretrain_model.py:214} INFO - New best loss: 1.386297583580017 at step 5000
[01/17/2025 19:09:13] {pretrain_model.py:257} INFO - 5000 / 10001 |train loss: 5.940 |p_ming loss: 5.940 |lr: 0.00005
[01/17/2025 19:09:14] {pretrain_model.py:214} INFO - New best loss: 1.3862974643707275 at step 5012
[01/17/2025 19:09:14] {pretrain_model.py:257} INFO - 5012 / 10001 |train loss: 0.017 |p_ming loss: 0.017 |lr: 0.00005
[01/17/2025 19:09:14] {pretrain_model.py:214} INFO - New best loss: 1.3862944841384888 at step 5013
[01/17/2025 19:09:14] {pretrain_model.py:257} INFO - 5013 / 10001 |train loss: 0.001 |p_ming loss: 0.001 |lr: 0.00005
[01/17/2025 19:09:15] {pretrain_model.py:214} INFO - New best loss: 1.3862943649291992 at step 5023
[01/17/2025 19:09:15] {pretrain_model.py:257} INFO - 5023 / 10001 |train loss: 0.014 |p_ming loss: 0.014 |lr: 0.00005
[01/17/2025 19:09:21] {pretrain_model.py:207} INFO - Train loss at step 5100: 1.3862943649291992
[01/17/2025 19:09:21] {pretrain_model.py:214} INFO - New best loss: 1.3862942457199097 at step 5103
[01/17/2025 19:09:21] {pretrain_model.py:257} INFO - 5103 / 10001 |train loss: 0.111 |p_ming loss: 0.111 |lr: 0.00005
[01/17/2025 19:09:29] {pretrain_model.py:207} INFO - Train loss at step 5200: 1.3862956762313843
[01/17/2025 19:09:37] {pretrain_model.py:207} INFO - Train loss at step 5300: 1.3862943649291992
[01/17/2025 19:09:44] {pretrain_model.py:207} INFO - Train loss at step 5400: 1.3862943649291992
[01/17/2025 19:09:52] {pretrain_model.py:207} INFO - Train loss at step 5500: 1.386294960975647
[01/17/2025 19:10:00] {pretrain_model.py:207} INFO - Train loss at step 5600: 1.3862946033477783
[01/17/2025 19:10:08] {pretrain_model.py:207} INFO - Train loss at step 5700: 1.3862961530685425
[01/17/2025 19:10:16] {pretrain_model.py:207} INFO - Train loss at step 5800: 1.3862957954406738
[01/17/2025 19:10:24] {pretrain_model.py:207} INFO - Train loss at step 5900: 1.386296033859253
[01/17/2025 19:10:32] {pretrain_model.py:207} INFO - Train loss at step 6000: 1.386294960975647
[01/17/2025 19:10:40] {pretrain_model.py:207} INFO - Train loss at step 6100: 1.3862948417663574
[01/17/2025 19:10:48] {pretrain_model.py:207} INFO - Train loss at step 6200: 1.3862946033477783
[01/17/2025 19:10:56] {pretrain_model.py:207} INFO - Train loss at step 6300: 1.3862944841384888
[01/17/2025 19:11:04] {pretrain_model.py:207} INFO - Train loss at step 6400: 1.3862955570220947
[01/17/2025 19:11:12] {pretrain_model.py:207} INFO - Train loss at step 6500: 1.3862946033477783
[01/17/2025 19:11:20] {pretrain_model.py:207} INFO - Train loss at step 6600: 1.3863023519515991
[01/17/2025 19:11:28] {pretrain_model.py:207} INFO - Train loss at step 6700: 1.3863012790679932
[01/17/2025 19:11:36] {pretrain_model.py:207} INFO - Train loss at step 6800: 1.3862943649291992
[01/17/2025 19:11:43] {pretrain_model.py:207} INFO - Train loss at step 6900: 1.3862944841384888
[01/17/2025 19:11:51] {pretrain_model.py:207} INFO - Train loss at step 7000: 1.3862950801849365
[01/17/2025 19:11:59] {pretrain_model.py:207} INFO - Train loss at step 7100: 1.3862943649291992
[01/17/2025 19:12:07] {pretrain_model.py:207} INFO - Train loss at step 7200: 1.386294960975647
[01/17/2025 19:12:15] {pretrain_model.py:207} INFO - Train loss at step 7300: 1.3862946033477783
[01/17/2025 19:12:23] {pretrain_model.py:207} INFO - Train loss at step 7400: 1.3862953186035156
[01/17/2025 19:12:31] {pretrain_model.py:207} INFO - Train loss at step 7500: 1.3862943649291992
[01/17/2025 19:12:39] {pretrain_model.py:207} INFO - Train loss at step 7600: 1.3862969875335693
[01/17/2025 19:12:47] {pretrain_model.py:207} INFO - Train loss at step 7700: 1.3862944841384888
[01/17/2025 19:12:55] {pretrain_model.py:207} INFO - Train loss at step 7800: 1.3862946033477783
[01/17/2025 19:13:03] {pretrain_model.py:207} INFO - Train loss at step 7900: 1.3862965106964111
[01/17/2025 19:13:11] {pretrain_model.py:207} INFO - Train loss at step 8000: 1.3862946033477783
[01/17/2025 19:13:19] {pretrain_model.py:207} INFO - Train loss at step 8100: 1.386295199394226
[01/17/2025 19:13:27] {pretrain_model.py:207} INFO - Train loss at step 8200: 1.3862950801849365
[01/17/2025 19:13:35] {pretrain_model.py:207} INFO - Train loss at step 8300: 1.3862947225570679
[01/17/2025 19:13:42] {pretrain_model.py:207} INFO - Train loss at step 8400: 1.3862948417663574
[01/17/2025 19:13:50] {pretrain_model.py:207} INFO - Train loss at step 8500: 1.3862947225570679
[01/17/2025 19:13:58] {pretrain_model.py:207} INFO - Train loss at step 8600: 1.3862943649291992
[01/17/2025 19:14:06] {pretrain_model.py:207} INFO - Train loss at step 8700: 1.3862972259521484
[01/17/2025 19:14:14] {pretrain_model.py:207} INFO - Train loss at step 8800: 1.3862950801849365
[01/17/2025 19:14:22] {pretrain_model.py:207} INFO - Train loss at step 8900: 1.3862948417663574
[01/17/2025 19:14:30] {pretrain_model.py:207} INFO - Train loss at step 9000: 1.3862971067428589
[01/17/2025 19:14:38] {pretrain_model.py:207} INFO - Train loss at step 9100: 1.3862948417663574
[01/17/2025 19:14:46] {pretrain_model.py:207} INFO - Train loss at step 9200: 1.3862968683242798
[01/17/2025 19:14:54] {pretrain_model.py:207} INFO - Train loss at step 9300: 1.3862943649291992
[01/17/2025 19:15:02] {pretrain_model.py:207} INFO - Train loss at step 9400: 1.3862957954406738
[01/17/2025 19:15:10] {pretrain_model.py:207} INFO - Train loss at step 9500: 1.3862943649291992
[01/17/2025 19:15:18] {pretrain_model.py:207} INFO - Train loss at step 9600: 1.3862974643707275
[01/17/2025 19:15:26] {pretrain_model.py:207} INFO - Train loss at step 9700: 1.3862943649291992
[01/17/2025 19:15:34] {pretrain_model.py:207} INFO - Train loss at step 9800: 1.3862948417663574
[01/17/2025 19:15:41] {pretrain_model.py:207} INFO - Train loss at step 9900: 1.3862974643707275
[01/17/2025 19:15:49] {pretrain_model.py:207} INFO - Train loss at step 10000: 1.3862959146499634
[01/17/2025 19:15:50] {pretrain_model.py:408} INFO - Successfully finished training
