[01/17/2025 19:20:38] {pretrain_model.py:314} INFO - Initializing Data..
[01/17/2025 19:20:38] {pretrain_model.py:319} INFO - Initializing Model..
[01/17/2025 19:20:38] {pretrain_model.py:353} INFO - Number of model parameters: 1322788
[01/17/2025 19:20:38] {pretrain_model.py:359} INFO - MEGA CONFIG:  {
  "embedding_size": 256,
  "activation": "prelu",
  "weight_init": true,
  "num_node_features": 2,
  "max_bp_iter": 3,
  "inner_conv_normalize": false
}
[01/17/2025 19:20:38] {pretrain_model.py:365} INFO - Number of model parameters in big_model: 262657
[01/17/2025 19:20:38] {pretrain_model.py:370} INFO - Number of model parameters for link prediction: 132097
[01/17/2025 19:20:38] {pretrain_model.py:374} INFO - Number of model parameters for discriminator: 65536
[01/17/2025 19:20:38] {pretrain_model.py:378} INFO - Number of model parameters for minsg: 262912
[01/17/2025 19:20:38] {pretrain_model.py:381} INFO - Num params in decor: 0
[01/17/2025 19:20:38] {pretrain_model.py:386} INFO - Number of model parameters for reconstruction: 66050
[01/17/2025 19:20:38] {pretrain_model.py:397} INFO - Start training
[01/17/2025 19:20:38] {pretrain_model.py:75} INFO - Not using Pareto MTL.
[01/17/2025 19:20:40] {pretrain_model.py:214} INFO - New best loss: 8.584085464477539 at step 1
[01/17/2025 19:20:40] {pretrain_model.py:257} INFO - 1 / 10001 |train loss: 0.009 |p_minsg loss: 0.009 |lr: 0.00005
[01/17/2025 19:20:40] {pretrain_model.py:214} INFO - New best loss: 8.484410285949707 at step 2
[01/17/2025 19:20:40] {pretrain_model.py:257} INFO - 2 / 10001 |train loss: 0.008 |p_minsg loss: 0.008 |lr: 0.00005
[01/17/2025 19:20:40] {pretrain_model.py:214} INFO - New best loss: 8.404058456420898 at step 3
[01/17/2025 19:20:40] {pretrain_model.py:257} INFO - 3 / 10001 |train loss: 0.008 |p_minsg loss: 0.008 |lr: 0.00005
[01/17/2025 19:20:40] {pretrain_model.py:214} INFO - New best loss: 8.322333335876465 at step 4
[01/17/2025 19:20:40] {pretrain_model.py:257} INFO - 4 / 10001 |train loss: 0.008 |p_minsg loss: 0.008 |lr: 0.00005
[01/17/2025 19:20:40] {pretrain_model.py:214} INFO - New best loss: 8.241242408752441 at step 5
[01/17/2025 19:20:40] {pretrain_model.py:257} INFO - 5 / 10001 |train loss: 0.008 |p_minsg loss: 0.008 |lr: 0.00005
[01/17/2025 19:20:40] {pretrain_model.py:214} INFO - New best loss: 8.190505027770996 at step 6
[01/17/2025 19:20:40] {pretrain_model.py:257} INFO - 6 / 10001 |train loss: 0.008 |p_minsg loss: 0.008 |lr: 0.00005
[01/17/2025 19:20:40] {pretrain_model.py:214} INFO - New best loss: 8.132625579833984 at step 7
[01/17/2025 19:20:40] {pretrain_model.py:257} INFO - 7 / 10001 |train loss: 0.008 |p_minsg loss: 0.008 |lr: 0.00005
[01/17/2025 19:20:41] {pretrain_model.py:214} INFO - New best loss: 8.06292724609375 at step 8
[01/17/2025 19:20:41] {pretrain_model.py:257} INFO - 8 / 10001 |train loss: 0.008 |p_minsg loss: 0.008 |lr: 0.00005
[01/17/2025 19:20:41] {pretrain_model.py:214} INFO - New best loss: 8.00222396850586 at step 9
[01/17/2025 19:20:41] {pretrain_model.py:257} INFO - 9 / 10001 |train loss: 0.008 |p_minsg loss: 0.008 |lr: 0.00005
[01/17/2025 19:20:41] {pretrain_model.py:214} INFO - New best loss: 7.958127975463867 at step 10
[01/17/2025 19:20:41] {pretrain_model.py:257} INFO - 10 / 10001 |train loss: 0.008 |p_minsg loss: 0.008 |lr: 0.00005
[01/17/2025 19:20:41] {pretrain_model.py:214} INFO - New best loss: 7.9248433113098145 at step 11
[01/17/2025 19:20:41] {pretrain_model.py:257} INFO - 11 / 10001 |train loss: 0.008 |p_minsg loss: 0.008 |lr: 0.00005
[01/17/2025 19:20:41] {pretrain_model.py:214} INFO - New best loss: 7.8735785484313965 at step 12
[01/17/2025 19:20:41] {pretrain_model.py:257} INFO - 12 / 10001 |train loss: 0.008 |p_minsg loss: 0.008 |lr: 0.00005
[01/17/2025 19:20:41] {pretrain_model.py:214} INFO - New best loss: 7.831234455108643 at step 13
[01/17/2025 19:20:41] {pretrain_model.py:257} INFO - 13 / 10001 |train loss: 0.008 |p_minsg loss: 0.008 |lr: 0.00005
[01/17/2025 19:20:41] {pretrain_model.py:214} INFO - New best loss: 7.820363521575928 at step 14
[01/17/2025 19:20:41] {pretrain_model.py:257} INFO - 14 / 10001 |train loss: 0.008 |p_minsg loss: 0.008 |lr: 0.00005
[01/17/2025 19:20:41] {pretrain_model.py:214} INFO - New best loss: 7.756957530975342 at step 15
[01/17/2025 19:20:41] {pretrain_model.py:257} INFO - 15 / 10001 |train loss: 0.008 |p_minsg loss: 0.008 |lr: 0.00005
[01/17/2025 19:20:41] {pretrain_model.py:214} INFO - New best loss: 7.724671363830566 at step 16
[01/17/2025 19:20:41] {pretrain_model.py:257} INFO - 16 / 10001 |train loss: 0.008 |p_minsg loss: 0.008 |lr: 0.00005
[01/17/2025 19:20:41] {pretrain_model.py:214} INFO - New best loss: 7.68992805480957 at step 17
[01/17/2025 19:20:41] {pretrain_model.py:257} INFO - 17 / 10001 |train loss: 0.008 |p_minsg loss: 0.008 |lr: 0.00005
[01/17/2025 19:20:41] {pretrain_model.py:214} INFO - New best loss: 7.6503520011901855 at step 18
[01/17/2025 19:20:41] {pretrain_model.py:257} INFO - 18 / 10001 |train loss: 0.008 |p_minsg loss: 0.008 |lr: 0.00005
[01/17/2025 19:20:42] {pretrain_model.py:214} INFO - New best loss: 7.626458168029785 at step 19
[01/17/2025 19:20:42] {pretrain_model.py:257} INFO - 19 / 10001 |train loss: 0.008 |p_minsg loss: 0.008 |lr: 0.00005
[01/17/2025 19:20:42] {pretrain_model.py:214} INFO - New best loss: 7.591567516326904 at step 20
[01/17/2025 19:20:42] {pretrain_model.py:257} INFO - 20 / 10001 |train loss: 0.008 |p_minsg loss: 0.008 |lr: 0.00005
[01/17/2025 19:20:42] {pretrain_model.py:214} INFO - New best loss: 7.528829574584961 at step 21
[01/17/2025 19:20:42] {pretrain_model.py:257} INFO - 21 / 10001 |train loss: 0.008 |p_minsg loss: 0.008 |lr: 0.00005
[01/17/2025 19:20:42] {pretrain_model.py:214} INFO - New best loss: 7.494645118713379 at step 23
[01/17/2025 19:20:42] {pretrain_model.py:257} INFO - 23 / 10001 |train loss: 0.015 |p_minsg loss: 0.015 |lr: 0.00005
[01/17/2025 19:20:42] {pretrain_model.py:214} INFO - New best loss: 7.468884468078613 at step 24
[01/17/2025 19:20:42] {pretrain_model.py:257} INFO - 24 / 10001 |train loss: 0.007 |p_minsg loss: 0.007 |lr: 0.00005
[01/17/2025 19:20:42] {pretrain_model.py:214} INFO - New best loss: 7.450751781463623 at step 25
[01/17/2025 19:20:42] {pretrain_model.py:257} INFO - 25 / 10001 |train loss: 0.007 |p_minsg loss: 0.007 |lr: 0.00005
[01/17/2025 19:20:42] {pretrain_model.py:214} INFO - New best loss: 7.404267311096191 at step 26
[01/17/2025 19:20:42] {pretrain_model.py:257} INFO - 26 / 10001 |train loss: 0.007 |p_minsg loss: 0.007 |lr: 0.00005
[01/17/2025 19:20:42] {pretrain_model.py:214} INFO - New best loss: 7.401446342468262 at step 27
[01/17/2025 19:20:42] {pretrain_model.py:257} INFO - 27 / 10001 |train loss: 0.007 |p_minsg loss: 0.007 |lr: 0.00005
[01/17/2025 19:20:42] {pretrain_model.py:214} INFO - New best loss: 7.383671283721924 at step 28
[01/17/2025 19:20:42] {pretrain_model.py:257} INFO - 28 / 10001 |train loss: 0.007 |p_minsg loss: 0.007 |lr: 0.00005
[01/17/2025 19:20:43] {pretrain_model.py:214} INFO - New best loss: 7.322770118713379 at step 29
[01/17/2025 19:20:43] {pretrain_model.py:257} INFO - 29 / 10001 |train loss: 0.007 |p_minsg loss: 0.007 |lr: 0.00005
[01/17/2025 19:20:43] {pretrain_model.py:214} INFO - New best loss: 7.230431079864502 at step 31
[01/17/2025 19:20:43] {pretrain_model.py:257} INFO - 31 / 10001 |train loss: 0.015 |p_minsg loss: 0.015 |lr: 0.00005
[01/17/2025 19:20:43] {pretrain_model.py:214} INFO - New best loss: 7.203447341918945 at step 34
[01/17/2025 19:20:43] {pretrain_model.py:257} INFO - 34 / 10001 |train loss: 0.022 |p_minsg loss: 0.022 |lr: 0.00005
[01/17/2025 19:20:43] {pretrain_model.py:214} INFO - New best loss: 7.170386791229248 at step 36
[01/17/2025 19:20:43] {pretrain_model.py:257} INFO - 36 / 10001 |train loss: 0.014 |p_minsg loss: 0.014 |lr: 0.00005
[01/17/2025 19:20:43] {pretrain_model.py:214} INFO - New best loss: 7.162301540374756 at step 38
[01/17/2025 19:20:43] {pretrain_model.py:257} INFO - 38 / 10001 |train loss: 0.014 |p_minsg loss: 0.014 |lr: 0.00005
[01/17/2025 19:20:43] {pretrain_model.py:214} INFO - New best loss: 7.117670059204102 at step 39
[01/17/2025 19:20:43] {pretrain_model.py:257} INFO - 39 / 10001 |train loss: 0.007 |p_minsg loss: 0.007 |lr: 0.00005
[01/17/2025 19:20:43] {pretrain_model.py:214} INFO - New best loss: 7.094022750854492 at step 40
[01/17/2025 19:20:43] {pretrain_model.py:257} INFO - 40 / 10001 |train loss: 0.007 |p_minsg loss: 0.007 |lr: 0.00005
[01/17/2025 19:20:44] {pretrain_model.py:214} INFO - New best loss: 7.051278591156006 at step 41
[01/17/2025 19:20:44] {pretrain_model.py:257} INFO - 41 / 10001 |train loss: 0.007 |p_minsg loss: 0.007 |lr: 0.00005
[01/17/2025 19:20:44] {pretrain_model.py:214} INFO - New best loss: 7.026303291320801 at step 43
[01/17/2025 19:20:44] {pretrain_model.py:257} INFO - 43 / 10001 |train loss: 0.014 |p_minsg loss: 0.014 |lr: 0.00005
[01/17/2025 19:20:44] {pretrain_model.py:214} INFO - New best loss: 7.023600101470947 at step 45
[01/17/2025 19:20:44] {pretrain_model.py:257} INFO - 45 / 10001 |train loss: 0.014 |p_minsg loss: 0.014 |lr: 0.00005
[01/17/2025 19:20:44] {pretrain_model.py:214} INFO - New best loss: 7.013318061828613 at step 46
[01/17/2025 19:20:44] {pretrain_model.py:257} INFO - 46 / 10001 |train loss: 0.007 |p_minsg loss: 0.007 |lr: 0.00005
[01/17/2025 19:20:44] {pretrain_model.py:214} INFO - New best loss: 6.999711036682129 at step 47
[01/17/2025 19:20:44] {pretrain_model.py:257} INFO - 47 / 10001 |train loss: 0.007 |p_minsg loss: 0.007 |lr: 0.00005
[01/17/2025 19:20:44] {pretrain_model.py:214} INFO - New best loss: 6.95747709274292 at step 48
[01/17/2025 19:20:44] {pretrain_model.py:257} INFO - 48 / 10001 |train loss: 0.007 |p_minsg loss: 0.007 |lr: 0.00005
[01/17/2025 19:20:45] {pretrain_model.py:214} INFO - New best loss: 6.942996025085449 at step 52
[01/17/2025 19:20:45] {pretrain_model.py:257} INFO - 52 / 10001 |train loss: 0.028 |p_minsg loss: 0.028 |lr: 0.00005
[01/17/2025 19:20:45] {pretrain_model.py:214} INFO - New best loss: 6.874048709869385 at step 54
[01/17/2025 19:20:45] {pretrain_model.py:257} INFO - 54 / 10001 |train loss: 0.014 |p_minsg loss: 0.014 |lr: 0.00005
[01/17/2025 19:20:45] {pretrain_model.py:214} INFO - New best loss: 6.845416069030762 at step 56
[01/17/2025 19:20:45] {pretrain_model.py:257} INFO - 56 / 10001 |train loss: 0.014 |p_minsg loss: 0.014 |lr: 0.00005
[01/17/2025 19:20:45] {pretrain_model.py:214} INFO - New best loss: 6.830613613128662 at step 57
[01/17/2025 19:20:45] {pretrain_model.py:257} INFO - 57 / 10001 |train loss: 0.007 |p_minsg loss: 0.007 |lr: 0.00005
[01/17/2025 19:20:45] {pretrain_model.py:214} INFO - New best loss: 6.815828323364258 at step 60
[01/17/2025 19:20:45] {pretrain_model.py:257} INFO - 60 / 10001 |train loss: 0.021 |p_minsg loss: 0.021 |lr: 0.00005
[01/17/2025 19:20:45] {pretrain_model.py:214} INFO - New best loss: 6.7454094886779785 at step 61
[01/17/2025 19:20:45] {pretrain_model.py:257} INFO - 61 / 10001 |train loss: 0.007 |p_minsg loss: 0.007 |lr: 0.00005
[01/17/2025 19:20:45] {pretrain_model.py:214} INFO - New best loss: 6.719912528991699 at step 62
[01/17/2025 19:20:45] {pretrain_model.py:257} INFO - 62 / 10001 |train loss: 0.007 |p_minsg loss: 0.007 |lr: 0.00005
[01/17/2025 19:20:46] {pretrain_model.py:214} INFO - New best loss: 6.686107158660889 at step 64
[01/17/2025 19:20:46] {pretrain_model.py:257} INFO - 64 / 10001 |train loss: 0.013 |p_minsg loss: 0.013 |lr: 0.00005
[01/17/2025 19:20:46] {pretrain_model.py:214} INFO - New best loss: 6.637265682220459 at step 67
[01/17/2025 19:20:46] {pretrain_model.py:257} INFO - 67 / 10001 |train loss: 0.020 |p_minsg loss: 0.020 |lr: 0.00005
[01/17/2025 19:20:46] {pretrain_model.py:214} INFO - New best loss: 6.619718551635742 at step 70
[01/17/2025 19:20:46] {pretrain_model.py:257} INFO - 70 / 10001 |train loss: 0.020 |p_minsg loss: 0.020 |lr: 0.00005
[01/17/2025 19:20:46] {pretrain_model.py:214} INFO - New best loss: 6.600671768188477 at step 71
[01/17/2025 19:20:46] {pretrain_model.py:257} INFO - 71 / 10001 |train loss: 0.007 |p_minsg loss: 0.007 |lr: 0.00005
[01/17/2025 19:20:47] {pretrain_model.py:214} INFO - New best loss: 6.540350914001465 at step 75
[01/17/2025 19:20:47] {pretrain_model.py:257} INFO - 75 / 10001 |train loss: 0.026 |p_minsg loss: 0.026 |lr: 0.00005
[01/17/2025 19:20:47] {pretrain_model.py:214} INFO - New best loss: 6.514655590057373 at step 76
[01/17/2025 19:20:47] {pretrain_model.py:257} INFO - 76 / 10001 |train loss: 0.007 |p_minsg loss: 0.007 |lr: 0.00005
[01/17/2025 19:20:47] {pretrain_model.py:214} INFO - New best loss: 6.509132385253906 at step 82
[01/17/2025 19:20:47] {pretrain_model.py:257} INFO - 82 / 10001 |train loss: 0.039 |p_minsg loss: 0.039 |lr: 0.00005
[01/17/2025 19:20:47] {pretrain_model.py:214} INFO - New best loss: 6.428482532501221 at step 83
[01/17/2025 19:20:47] {pretrain_model.py:257} INFO - 83 / 10001 |train loss: 0.006 |p_minsg loss: 0.006 |lr: 0.00005
[01/17/2025 19:20:47] {pretrain_model.py:214} INFO - New best loss: 6.407603740692139 at step 84
[01/17/2025 19:20:47] {pretrain_model.py:257} INFO - 84 / 10001 |train loss: 0.006 |p_minsg loss: 0.006 |lr: 0.00005
[01/17/2025 19:20:48] {pretrain_model.py:214} INFO - New best loss: 6.400240898132324 at step 88
[01/17/2025 19:20:48] {pretrain_model.py:257} INFO - 88 / 10001 |train loss: 0.026 |p_minsg loss: 0.026 |lr: 0.00005
[01/17/2025 19:20:48] {pretrain_model.py:214} INFO - New best loss: 6.3573832511901855 at step 89
[01/17/2025 19:20:48] {pretrain_model.py:257} INFO - 89 / 10001 |train loss: 0.006 |p_minsg loss: 0.006 |lr: 0.00005
[01/17/2025 19:20:48] {pretrain_model.py:214} INFO - New best loss: 6.333748817443848 at step 94
[01/17/2025 19:20:48] {pretrain_model.py:257} INFO - 94 / 10001 |train loss: 0.032 |p_minsg loss: 0.032 |lr: 0.00005
[01/17/2025 19:20:49] {pretrain_model.py:214} INFO - New best loss: 6.292023181915283 at step 96
[01/17/2025 19:20:49] {pretrain_model.py:257} INFO - 96 / 10001 |train loss: 0.013 |p_minsg loss: 0.013 |lr: 0.00005
[01/17/2025 19:20:49] {pretrain_model.py:207} INFO - Train loss at step 100: 6.359868049621582
[01/17/2025 19:20:49] {pretrain_model.py:214} INFO - New best loss: 6.290762424468994 at step 105
[01/17/2025 19:20:49] {pretrain_model.py:257} INFO - 105 / 10001 |train loss: 0.057 |p_minsg loss: 0.057 |lr: 0.00005
[01/17/2025 19:20:50] {pretrain_model.py:214} INFO - New best loss: 6.26417875289917 at step 107
[01/17/2025 19:20:50] {pretrain_model.py:257} INFO - 107 / 10001 |train loss: 0.013 |p_minsg loss: 0.013 |lr: 0.00005
[01/17/2025 19:20:50] {pretrain_model.py:214} INFO - New best loss: 6.25548791885376 at step 113
[01/17/2025 19:20:50] {pretrain_model.py:257} INFO - 113 / 10001 |train loss: 0.038 |p_minsg loss: 0.038 |lr: 0.00005
[01/17/2025 19:20:50] {pretrain_model.py:214} INFO - New best loss: 6.251590728759766 at step 115
[01/17/2025 19:20:50] {pretrain_model.py:257} INFO - 115 / 10001 |train loss: 0.013 |p_minsg loss: 0.013 |lr: 0.00005
[01/17/2025 19:20:50] {pretrain_model.py:214} INFO - New best loss: 6.229152202606201 at step 118
[01/17/2025 19:20:50] {pretrain_model.py:257} INFO - 118 / 10001 |train loss: 0.019 |p_minsg loss: 0.019 |lr: 0.00005
[01/17/2025 19:20:51] {pretrain_model.py:214} INFO - New best loss: 6.227338790893555 at step 120
[01/17/2025 19:20:51] {pretrain_model.py:257} INFO - 120 / 10001 |train loss: 0.012 |p_minsg loss: 0.012 |lr: 0.00005
[01/17/2025 19:20:51] {pretrain_model.py:214} INFO - New best loss: 6.0780134201049805 at step 123
[01/17/2025 19:20:51] {pretrain_model.py:257} INFO - 123 / 10001 |train loss: 0.019 |p_minsg loss: 0.019 |lr: 0.00005
[01/17/2025 19:20:54] {pretrain_model.py:214} INFO - New best loss: 6.063966274261475 at step 161
[01/17/2025 19:20:54] {pretrain_model.py:257} INFO - 161 / 10001 |train loss: 0.235 |p_minsg loss: 0.235 |lr: 0.00005
[01/17/2025 19:20:55] {pretrain_model.py:214} INFO - New best loss: 6.039930820465088 at step 165
[01/17/2025 19:20:55] {pretrain_model.py:257} INFO - 165 / 10001 |train loss: 0.024 |p_minsg loss: 0.024 |lr: 0.00005
[01/17/2025 19:20:55] {pretrain_model.py:214} INFO - New best loss: 6.033059597015381 at step 167
[01/17/2025 19:20:55] {pretrain_model.py:257} INFO - 167 / 10001 |train loss: 0.012 |p_minsg loss: 0.012 |lr: 0.00005
[01/17/2025 19:20:56] {pretrain_model.py:214} INFO - New best loss: 5.990481376647949 at step 177
[01/17/2025 19:20:56] {pretrain_model.py:257} INFO - 177 / 10001 |train loss: 0.061 |p_minsg loss: 0.061 |lr: 0.00005
[01/17/2025 19:20:56] {pretrain_model.py:214} INFO - New best loss: 5.963402271270752 at step 179
[01/17/2025 19:20:56] {pretrain_model.py:257} INFO - 179 / 10001 |train loss: 0.012 |p_minsg loss: 0.012 |lr: 0.00005
[01/17/2025 19:20:57] {pretrain_model.py:214} INFO - New best loss: 5.944382190704346 at step 196
[01/17/2025 19:20:57] {pretrain_model.py:257} INFO - 196 / 10001 |train loss: 0.103 |p_minsg loss: 0.103 |lr: 0.00005
[01/17/2025 19:20:58] {pretrain_model.py:207} INFO - Train loss at step 200: 6.035758018493652
[01/17/2025 19:20:58] {pretrain_model.py:214} INFO - New best loss: 5.941233158111572 at step 207
[01/17/2025 19:20:58] {pretrain_model.py:257} INFO - 207 / 10001 |train loss: 0.066 |p_minsg loss: 0.066 |lr: 0.00005
[01/17/2025 19:20:59] {pretrain_model.py:214} INFO - New best loss: 5.913280010223389 at step 208
[01/17/2025 19:20:59] {pretrain_model.py:257} INFO - 208 / 10001 |train loss: 0.006 |p_minsg loss: 0.006 |lr: 0.00005
[01/17/2025 19:20:59] {pretrain_model.py:214} INFO - New best loss: 5.9097161293029785 at step 213
[01/17/2025 19:20:59] {pretrain_model.py:257} INFO - 213 / 10001 |train loss: 0.030 |p_minsg loss: 0.030 |lr: 0.00005
[01/17/2025 19:21:00] {pretrain_model.py:214} INFO - New best loss: 5.881315231323242 at step 219
[01/17/2025 19:21:00] {pretrain_model.py:257} INFO - 219 / 10001 |train loss: 0.036 |p_minsg loss: 0.036 |lr: 0.00005
[01/17/2025 19:21:00] {pretrain_model.py:214} INFO - New best loss: 5.8114213943481445 at step 228
[01/17/2025 19:21:00] {pretrain_model.py:257} INFO - 228 / 10001 |train loss: 0.053 |p_minsg loss: 0.053 |lr: 0.00005
[01/17/2025 19:21:02] {pretrain_model.py:214} INFO - New best loss: 5.7966179847717285 at step 250
[01/17/2025 19:21:02] {pretrain_model.py:257} INFO - 250 / 10001 |train loss: 0.130 |p_minsg loss: 0.130 |lr: 0.00005
[01/17/2025 19:21:03] {pretrain_model.py:214} INFO - New best loss: 5.786929607391357 at step 256
[01/17/2025 19:21:03] {pretrain_model.py:257} INFO - 256 / 10001 |train loss: 0.035 |p_minsg loss: 0.035 |lr: 0.00005
[01/17/2025 19:21:03] {pretrain_model.py:214} INFO - New best loss: 5.751126766204834 at step 258
[01/17/2025 19:21:03] {pretrain_model.py:257} INFO - 258 / 10001 |train loss: 0.012 |p_minsg loss: 0.012 |lr: 0.00005
[01/17/2025 19:21:06] {pretrain_model.py:214} INFO - New best loss: 5.746884346008301 at step 296
[01/17/2025 19:21:06] {pretrain_model.py:257} INFO - 296 / 10001 |train loss: 0.222 |p_minsg loss: 0.222 |lr: 0.00005
[01/17/2025 19:21:07] {pretrain_model.py:207} INFO - Train loss at step 300: 5.744340896606445
[01/17/2025 19:21:07] {pretrain_model.py:214} INFO - New best loss: 5.744340896606445 at step 300
[01/17/2025 19:21:07] {pretrain_model.py:257} INFO - 300 / 10001 |train loss: 0.023 |p_minsg loss: 0.023 |lr: 0.00005
[01/17/2025 19:21:07] {pretrain_model.py:214} INFO - New best loss: 5.721428394317627 at step 301
[01/17/2025 19:21:07] {pretrain_model.py:257} INFO - 301 / 10001 |train loss: 0.006 |p_minsg loss: 0.006 |lr: 0.00005
[01/17/2025 19:21:08] {pretrain_model.py:214} INFO - New best loss: 5.720340728759766 at step 311
[01/17/2025 19:21:08] {pretrain_model.py:257} INFO - 311 / 10001 |train loss: 0.058 |p_minsg loss: 0.058 |lr: 0.00005
[01/17/2025 19:21:09] {pretrain_model.py:214} INFO - New best loss: 5.679150581359863 at step 328
[01/17/2025 19:21:09] {pretrain_model.py:257} INFO - 328 / 10001 |train loss: 0.099 |p_minsg loss: 0.099 |lr: 0.00005
[01/17/2025 19:21:11] {pretrain_model.py:214} INFO - New best loss: 5.6705827713012695 at step 351
[01/17/2025 19:21:11] {pretrain_model.py:257} INFO - 351 / 10001 |train loss: 0.133 |p_minsg loss: 0.133 |lr: 0.00005
[01/17/2025 19:21:12] {pretrain_model.py:214} INFO - New best loss: 5.660030364990234 at step 359
[01/17/2025 19:21:12] {pretrain_model.py:257} INFO - 359 / 10001 |train loss: 0.046 |p_minsg loss: 0.046 |lr: 0.00005
[01/17/2025 19:21:13] {pretrain_model.py:214} INFO - New best loss: 5.530725955963135 at step 370
[01/17/2025 19:21:13] {pretrain_model.py:257} INFO - 370 / 10001 |train loss: 0.063 |p_minsg loss: 0.063 |lr: 0.00005
[01/17/2025 19:21:16] {pretrain_model.py:207} INFO - Train loss at step 400: 5.656518459320068
[01/17/2025 19:21:21] {pretrain_model.py:214} INFO - New best loss: 5.508509635925293 at step 456
[01/17/2025 19:21:21] {pretrain_model.py:257} INFO - 456 / 10001 |train loss: 0.493 |p_minsg loss: 0.493 |lr: 0.00005
[01/17/2025 19:21:25] {pretrain_model.py:207} INFO - Train loss at step 500: 5.592118263244629
[01/17/2025 19:21:28] {pretrain_model.py:214} INFO - New best loss: 5.4442973136901855 at step 542
[01/17/2025 19:21:28] {pretrain_model.py:257} INFO - 542 / 10001 |train loss: 0.488 |p_minsg loss: 0.488 |lr: 0.00005
[01/17/2025 19:21:30] {pretrain_model.py:214} INFO - New best loss: 5.4351630210876465 at step 563
[01/17/2025 19:21:30] {pretrain_model.py:257} INFO - 563 / 10001 |train loss: 0.118 |p_minsg loss: 0.118 |lr: 0.00005
[01/17/2025 19:21:34] {pretrain_model.py:207} INFO - Train loss at step 600: 5.630251884460449
[01/17/2025 19:21:42] {pretrain_model.py:207} INFO - Train loss at step 700: 5.55438756942749
[01/17/2025 19:21:45] {pretrain_model.py:214} INFO - New best loss: 5.432818412780762 at step 731
[01/17/2025 19:21:45] {pretrain_model.py:257} INFO - 731 / 10001 |train loss: 0.942 |p_minsg loss: 0.942 |lr: 0.00005
[01/17/2025 19:21:51] {pretrain_model.py:207} INFO - Train loss at step 800: 5.444628715515137
[01/17/2025 19:21:56] {pretrain_model.py:214} INFO - New best loss: 5.391250133514404 at step 855
[01/17/2025 19:21:56] {pretrain_model.py:257} INFO - 855 / 10001 |train loss: 0.691 |p_minsg loss: 0.691 |lr: 0.00005
[01/17/2025 19:22:00] {pretrain_model.py:207} INFO - Train loss at step 900: 5.53896427154541
[01/17/2025 19:22:05] {pretrain_model.py:214} INFO - New best loss: 5.336496829986572 at step 950
[01/17/2025 19:22:05] {pretrain_model.py:257} INFO - 950 / 10001 |train loss: 0.528 |p_minsg loss: 0.528 |lr: 0.00005
[01/17/2025 19:22:09] {pretrain_model.py:214} INFO - New best loss: 5.333515644073486 at step 994
[01/17/2025 19:22:09] {pretrain_model.py:257} INFO - 994 / 10001 |train loss: 0.245 |p_minsg loss: 0.245 |lr: 0.00005
[01/17/2025 19:22:09] {pretrain_model.py:207} INFO - Train loss at step 1000: 5.43571662902832
[01/17/2025 19:22:18] {pretrain_model.py:207} INFO - Train loss at step 1100: 5.378418922424316
[01/17/2025 19:22:27] {pretrain_model.py:207} INFO - Train loss at step 1200: 5.638861656188965
[01/17/2025 19:22:36] {pretrain_model.py:207} INFO - Train loss at step 1300: 5.3675971031188965
[01/17/2025 19:22:42] {pretrain_model.py:214} INFO - New best loss: 5.276288986206055 at step 1371
[01/17/2025 19:22:43] {pretrain_model.py:257} INFO - 1371 / 10001 |train loss: 2.079 |p_minsg loss: 2.079 |lr: 0.00005
[01/17/2025 19:22:45] {pretrain_model.py:207} INFO - Train loss at step 1400: 5.493744850158691
[01/17/2025 19:22:54] {pretrain_model.py:207} INFO - Train loss at step 1500: 5.526434421539307
[01/17/2025 19:23:03] {pretrain_model.py:207} INFO - Train loss at step 1600: 5.333927154541016
[01/17/2025 19:23:12] {pretrain_model.py:207} INFO - Train loss at step 1700: 5.500853061676025
[01/17/2025 19:23:21] {pretrain_model.py:207} INFO - Train loss at step 1800: 5.474623203277588
[01/17/2025 19:23:30] {pretrain_model.py:207} INFO - Train loss at step 1900: 5.539236068725586
[01/17/2025 19:23:32] {pretrain_model.py:214} INFO - New best loss: 5.221469402313232 at step 1929
[01/17/2025 19:23:33] {pretrain_model.py:257} INFO - 1929 / 10001 |train loss: 3.056 |p_minsg loss: 3.056 |lr: 0.00005
[01/17/2025 19:23:39] {pretrain_model.py:207} INFO - Train loss at step 2000: 5.364968776702881
[01/17/2025 19:23:48] {pretrain_model.py:207} INFO - Train loss at step 2100: 5.471060276031494
[01/17/2025 19:23:57] {pretrain_model.py:207} INFO - Train loss at step 2200: 5.555104732513428
[01/17/2025 19:24:06] {pretrain_model.py:207} INFO - Train loss at step 2300: 5.416679382324219
[01/17/2025 19:24:15] {pretrain_model.py:207} INFO - Train loss at step 2400: 5.46072244644165
[01/17/2025 19:24:24] {pretrain_model.py:207} INFO - Train loss at step 2500: 5.447736740112305
[01/17/2025 19:24:32] {pretrain_model.py:207} INFO - Train loss at step 2600: 5.338594913482666
[01/17/2025 19:24:41] {pretrain_model.py:207} INFO - Train loss at step 2700: 5.327046871185303
[01/17/2025 19:24:50] {pretrain_model.py:207} INFO - Train loss at step 2800: 5.376660346984863
[01/17/2025 19:24:59] {pretrain_model.py:207} INFO - Train loss at step 2900: 5.436991214752197
[01/17/2025 19:25:08] {pretrain_model.py:207} INFO - Train loss at step 3000: 5.5437397956848145
[01/17/2025 19:25:17] {pretrain_model.py:207} INFO - Train loss at step 3100: 5.464884281158447
[01/17/2025 19:25:22] {pretrain_model.py:214} INFO - New best loss: 5.196669101715088 at step 3156
[01/17/2025 19:25:22] {pretrain_model.py:257} INFO - 3156 / 10001 |train loss: 6.668 |p_minsg loss: 6.668 |lr: 0.00005
[01/17/2025 19:25:26] {pretrain_model.py:207} INFO - Train loss at step 3200: 5.30027961730957
[01/17/2025 19:25:35] {pretrain_model.py:207} INFO - Train loss at step 3300: 5.4406657218933105
[01/17/2025 19:25:40] {pretrain_model.py:214} INFO - New best loss: 5.159040451049805 at step 3350
[01/17/2025 19:25:40] {pretrain_model.py:257} INFO - 3350 / 10001 |train loss: 1.052 |p_minsg loss: 1.052 |lr: 0.00005
[01/17/2025 19:25:44] {pretrain_model.py:207} INFO - Train loss at step 3400: 5.291375637054443
[01/17/2025 19:25:44] {pretrain_model.py:214} INFO - New best loss: 5.140929222106934 at step 3403
[01/17/2025 19:25:44] {pretrain_model.py:257} INFO - 3403 / 10001 |train loss: 0.287 |p_minsg loss: 0.287 |lr: 0.00005
[01/17/2025 19:25:53] {pretrain_model.py:207} INFO - Train loss at step 3500: 5.348621845245361
[01/17/2025 19:26:02] {pretrain_model.py:207} INFO - Train loss at step 3600: 5.3949503898620605
[01/17/2025 19:26:11] {pretrain_model.py:207} INFO - Train loss at step 3700: 5.325596809387207
[01/17/2025 19:26:20] {pretrain_model.py:207} INFO - Train loss at step 3800: 5.319631099700928
[01/17/2025 19:26:29] {pretrain_model.py:207} INFO - Train loss at step 3900: 5.439816474914551
[01/17/2025 19:26:38] {pretrain_model.py:207} INFO - Train loss at step 4000: 5.470016002655029
[01/17/2025 19:26:47] {pretrain_model.py:207} INFO - Train loss at step 4100: 5.409144401550293
[01/17/2025 19:26:56] {pretrain_model.py:207} INFO - Train loss at step 4200: 5.343492031097412
[01/17/2025 19:27:05] {pretrain_model.py:207} INFO - Train loss at step 4300: 5.409212112426758
[01/17/2025 19:27:13] {pretrain_model.py:207} INFO - Train loss at step 4400: 5.437432765960693
[01/17/2025 19:27:22] {pretrain_model.py:207} INFO - Train loss at step 4500: 5.432820796966553
[01/17/2025 19:27:31] {pretrain_model.py:207} INFO - Train loss at step 4600: 5.467386722564697
[01/17/2025 19:27:40] {pretrain_model.py:207} INFO - Train loss at step 4700: 5.421541213989258
[01/17/2025 19:27:49] {pretrain_model.py:207} INFO - Train loss at step 4800: 5.432593822479248
[01/17/2025 19:27:58] {pretrain_model.py:207} INFO - Train loss at step 4900: 5.400379180908203
[01/17/2025 19:28:07] {pretrain_model.py:207} INFO - Train loss at step 5000: 5.360530853271484
[01/17/2025 19:28:07] {pretrain_model.py:214} INFO - New best loss: 5.360530853271484 at step 5000
[01/17/2025 19:28:07] {pretrain_model.py:257} INFO - 5000 / 10001 |train loss: 8.625 |p_minsg loss: 8.625 |lr: 0.00005
[01/17/2025 19:28:07] {pretrain_model.py:214} INFO - New best loss: 5.264950275421143 at step 5002
[01/17/2025 19:28:07] {pretrain_model.py:257} INFO - 5002 / 10001 |train loss: 0.011 |p_minsg loss: 0.011 |lr: 0.00005
[01/17/2025 19:28:08] {pretrain_model.py:214} INFO - New best loss: 5.212128639221191 at step 5015
[01/17/2025 19:28:08] {pretrain_model.py:257} INFO - 5015 / 10001 |train loss: 0.070 |p_minsg loss: 0.070 |lr: 0.00005
[01/17/2025 19:28:16] {pretrain_model.py:207} INFO - Train loss at step 5100: 5.422952651977539
[01/17/2025 19:28:25] {pretrain_model.py:207} INFO - Train loss at step 5200: 5.501052379608154
[01/17/2025 19:28:27] {pretrain_model.py:214} INFO - New best loss: 5.209314346313477 at step 5227
[01/17/2025 19:28:27] {pretrain_model.py:257} INFO - 5227 / 10001 |train loss: 1.142 |p_minsg loss: 1.142 |lr: 0.00005
[01/17/2025 19:28:34] {pretrain_model.py:207} INFO - Train loss at step 5300: 5.253468036651611
[01/17/2025 19:28:43] {pretrain_model.py:207} INFO - Train loss at step 5400: 5.45141077041626
[01/17/2025 19:28:52] {pretrain_model.py:207} INFO - Train loss at step 5500: 5.443309783935547
[01/17/2025 19:28:59] {pretrain_model.py:214} INFO - New best loss: 5.180189609527588 at step 5585
[01/17/2025 19:28:59] {pretrain_model.py:257} INFO - 5585 / 10001 |train loss: 1.929 |p_minsg loss: 1.929 |lr: 0.00005
[01/17/2025 19:29:01] {pretrain_model.py:207} INFO - Train loss at step 5600: 5.526224136352539
[01/17/2025 19:29:10] {pretrain_model.py:207} INFO - Train loss at step 5700: 5.4544501304626465
[01/17/2025 19:29:19] {pretrain_model.py:207} INFO - Train loss at step 5800: 5.2645792961120605
[01/17/2025 19:29:28] {pretrain_model.py:207} INFO - Train loss at step 5900: 5.411118507385254
[01/17/2025 19:29:37] {pretrain_model.py:207} INFO - Train loss at step 6000: 5.243797302246094
[01/17/2025 19:29:44] {pretrain_model.py:214} INFO - New best loss: 5.134799480438232 at step 6080
[01/17/2025 19:29:44] {pretrain_model.py:257} INFO - 6080 / 10001 |train loss: 2.664 |p_minsg loss: 2.664 |lr: 0.00005
[01/17/2025 19:29:46] {pretrain_model.py:207} INFO - Train loss at step 6100: 5.500152587890625
[01/17/2025 19:29:55] {pretrain_model.py:207} INFO - Train loss at step 6200: 5.385151386260986
[01/17/2025 19:30:03] {pretrain_model.py:207} INFO - Train loss at step 6300: 5.2290778160095215
[01/17/2025 19:30:12] {pretrain_model.py:207} INFO - Train loss at step 6400: 5.249417781829834
[01/17/2025 19:30:21] {pretrain_model.py:207} INFO - Train loss at step 6500: 5.414922714233398
[01/17/2025 19:30:30] {pretrain_model.py:207} INFO - Train loss at step 6600: 5.322831153869629
[01/17/2025 19:30:39] {pretrain_model.py:207} INFO - Train loss at step 6700: 5.470272064208984
[01/17/2025 19:30:48] {pretrain_model.py:207} INFO - Train loss at step 6800: 5.484471797943115
[01/17/2025 19:30:57] {pretrain_model.py:207} INFO - Train loss at step 6900: 5.404861927032471
[01/17/2025 19:31:06] {pretrain_model.py:207} INFO - Train loss at step 7000: 5.533131122589111
[01/17/2025 19:31:15] {pretrain_model.py:207} INFO - Train loss at step 7100: 5.2250895500183105
[01/17/2025 19:31:16] {pretrain_model.py:214} INFO - New best loss: 5.111194133758545 at step 7106
[01/17/2025 19:31:16] {pretrain_model.py:257} INFO - 7106 / 10001 |train loss: 5.518 |p_minsg loss: 5.518 |lr: 0.00005
[01/17/2025 19:31:24] {pretrain_model.py:207} INFO - Train loss at step 7200: 5.508063316345215
[01/17/2025 19:31:33] {pretrain_model.py:207} INFO - Train loss at step 7300: 5.48734188079834
[01/17/2025 19:31:42] {pretrain_model.py:207} INFO - Train loss at step 7400: 5.327095031738281
[01/17/2025 19:31:51] {pretrain_model.py:207} INFO - Train loss at step 7500: 5.296813011169434
[01/17/2025 19:32:00] {pretrain_model.py:207} INFO - Train loss at step 7600: 5.5175275802612305
[01/17/2025 19:32:09] {pretrain_model.py:207} INFO - Train loss at step 7700: 5.455927848815918
[01/17/2025 19:32:18] {pretrain_model.py:207} INFO - Train loss at step 7800: 5.35308313369751
[01/17/2025 19:32:27] {pretrain_model.py:207} INFO - Train loss at step 7900: 5.3093581199646
[01/17/2025 19:32:36] {pretrain_model.py:207} INFO - Train loss at step 8000: 5.448226451873779
[01/17/2025 19:32:45] {pretrain_model.py:207} INFO - Train loss at step 8100: 5.360234260559082
[01/17/2025 19:32:54] {pretrain_model.py:207} INFO - Train loss at step 8200: 5.289638042449951
[01/17/2025 19:33:03] {pretrain_model.py:207} INFO - Train loss at step 8300: 5.443950176239014
[01/17/2025 19:33:12] {pretrain_model.py:207} INFO - Train loss at step 8400: 5.245302677154541
[01/17/2025 19:33:21] {pretrain_model.py:207} INFO - Train loss at step 8500: 5.405036926269531
[01/17/2025 19:33:29] {pretrain_model.py:207} INFO - Train loss at step 8600: 5.377192497253418
[01/17/2025 19:33:38] {pretrain_model.py:207} INFO - Train loss at step 8700: 5.2929277420043945
[01/17/2025 19:33:47] {pretrain_model.py:207} INFO - Train loss at step 8800: 5.361613750457764
[01/17/2025 19:33:56] {pretrain_model.py:207} INFO - Train loss at step 8900: 5.436659812927246
[01/17/2025 19:34:05] {pretrain_model.py:207} INFO - Train loss at step 9000: 5.3642897605896
[01/17/2025 19:34:14] {pretrain_model.py:207} INFO - Train loss at step 9100: 5.449204444885254
[01/17/2025 19:34:23] {pretrain_model.py:207} INFO - Train loss at step 9200: 5.458948612213135
[01/17/2025 19:34:24] {pretrain_model.py:214} INFO - New best loss: 5.096248626708984 at step 9203
[01/17/2025 19:34:24] {pretrain_model.py:257} INFO - 9203 / 10001 |train loss: 11.257 |p_minsg loss: 11.257 |lr: 0.00005
[01/17/2025 19:34:32] {pretrain_model.py:207} INFO - Train loss at step 9300: 5.237706661224365
[01/17/2025 19:34:41] {pretrain_model.py:207} INFO - Train loss at step 9400: 5.368678569793701
[01/17/2025 19:34:50] {pretrain_model.py:207} INFO - Train loss at step 9500: 5.519155979156494
[01/17/2025 19:34:59] {pretrain_model.py:207} INFO - Train loss at step 9600: 5.421050548553467
[01/17/2025 19:35:08] {pretrain_model.py:207} INFO - Train loss at step 9700: 5.337413787841797
[01/17/2025 19:35:17] {pretrain_model.py:207} INFO - Train loss at step 9800: 5.51564359664917
[01/17/2025 19:35:26] {pretrain_model.py:207} INFO - Train loss at step 9900: 5.295518398284912
[01/17/2025 19:35:35] {pretrain_model.py:207} INFO - Train loss at step 10000: 5.382711887359619
[01/17/2025 19:35:35] {pretrain_model.py:408} INFO - Successfully finished training
